Name: CCTV-10, URL: https://cdn4.skygo.mn/live/disk1/CCTV-10/HLSv3-FTA/CCTV-10.m3u8, IPv_Type: ipv4, Location: 蒙古, ISP: , Date: None, Delay: 2844 ms, Speed: 0.53 M/s, Resolution: None
Name: CCTV-17, URL: https://live.264788.xyz/channel/cctv17?streamid=348c8c0c04a6d2b900e5a3bcb4af8ce1&livekey=01WgOR41rriMmMkzNsd0UoaxJRwetZdxIvtVk, IPv_Type: ipv4, Location: 美国, ISP: CloudFlare节点, Date: None, Delay: 53 ms, Speed: 104.36 M/s, Resolution: 1920x1080
Name: CCTV-17, URL: https://live.264788.xyz/channel/cctv17?streamid=f9c36f1e95b5b35eac89cc89583e7c0a&livekey=01WgOR41rriMmMkzNsd0UoaxJRwetZdxIvtVk, IPv_Type: ipv4, Location: 美国, ISP: CloudFlare节点, Date: None, Delay: 117 ms, Speed: 40.38 M/s, Resolution: 1920x1080
Name: 风云音乐, URL: https://live.264788.xyz/channel/fengyunyinyue?streamid=1b41fb9153cba3ee19bd5d1b323da27e&livekey=01WgOR41rriMmMkzNsd0UoaxJRwetZdxIvtVk, IPv_Type: ipv4, Location: 美国, ISP: CloudFlare节点, Date: None, Delay: 56 ms, Speed: 89.10 M/s, Resolution: 1920x1080
Name: 风云音乐, URL: https://live.264788.xyz/channel/fengyunyinyue?streamid=be37d16b874e7ba11dd383d7ecd75752&livekey=01WgOR41rriMmMkzNsd0UoaxJRwetZdxIvtVk, IPv_Type: ipv4, Location: 美国, ISP: CloudFlare节点, Date: None, Delay: 96 ms, Speed: 53.03 M/s, Resolution: 1920x1080
Name: 风云剧场, URL: https://live.264788.xyz/channel/fengyunjuchang?streamid=31e7b5b7032d25dd215a4069cdee1a48&livekey=01WgOR41rriMmMkzNsd0UoaxJRwetZdxIvtVk, IPv_Type: ipv4, Location: 美国, ISP: CloudFlare节点, Date: None, Delay: 63 ms, Speed: 78.24 M/s, Resolution: 1920x1080
Name: 兵器科技, URL: https://live.264788.xyz/channel/bingqikeji?streamid=6fc55a0966bdad1e1cdf39a4d37dd776&livekey=01WgOR41rriMmMkzNsd0UoaxJRwetZdxIvtVk, IPv_Type: ipv4, Location: 美国, ISP: CloudFlare节点, Date: None, Delay: 56 ms, Speed: 91.25 M/s, Resolution: 1920x1080
Name: 兵器科技, URL: https://live.264788.xyz/channel/bingqikeji?streamid=530cb4e58bbc48b7fc26f5e0a2e47966&livekey=01WgOR41rriMmMkzNsd0UoaxJRwetZdxIvtVk, IPv_Type: ipv4, Location: 美国, ISP: CloudFlare节点, Date: None, Delay: 74 ms, Speed: 68.58 M/s, Resolution: 1920x1080
Name: 贵州卫视, URL: https://live.264788.xyz/channel/guizhouweishi?streamid=091bd59ea031989839c23459bb8cc9d4&livekey=01WgOR41rriMmMkzNsd0UoaxJRwetZdxIvtVk, IPv_Type: ipv4, Location: 美国, ISP: CloudFlare节点, Date: None, Delay: 46 ms, Speed: 104.30 M/s, Resolution: 1920x1080
Name: 江西卫视, URL: https://live.264788.xyz/channel/jiangxiweishi?streamid=555198f31caa33506ac6abb70d788959&livekey=01WgOR41rriMmMkzNsd0UoaxJRwetZdxIvtVk, IPv_Type: ipv4, Location: 美国, ISP: CloudFlare节点, Date: None, Delay: 48 ms, Speed: 83.77 M/s, Resolution: 1920x1080
Name: 内蒙古卫视, URL: https://live.264788.xyz/channel/neimengguweishi?streamid=3e7340acf8869ac1c7dad1bb836dcd35&livekey=01WgOR41rriMmMkzNsd0UoaxJRwetZdxIvtVk, IPv_Type: ipv4, Location: 美国, ISP: CloudFlare节点, Date: None, Delay: 52 ms, Speed: 107.89 M/s, Resolution: 1920x1080
Name: 内蒙古卫视, URL: https://live.264788.xyz/channel/neimengguweishi?streamid=81a015dbecf3031d7d847b7a9b059f67&livekey=01WgOR41rriMmMkzNsd0UoaxJRwetZdxIvtVk, IPv_Type: ipv4, Location: 美国, ISP: CloudFlare节点, Date: None, Delay: 65 ms, Speed: 70.83 M/s, Resolution: 1920x1080
Name: 内蒙古卫视, URL: http://play1-qk.nmtv.cn/live/1769652018126032.m3u8, IPv_Type: ipv4, Location: 中国-北京-北京, ISP: 腾讯云, Date: None, Delay: 2341 ms, Speed: 0.93 M/s, Resolution: 1920x1080
Name: 宁夏卫视, URL: https://live.264788.xyz/channel/ningxiaweishi?streamid=551474d02bee1c160e1692e22c45ddba&livekey=01WgOR41rriMmMkzNsd0UoaxJRwetZdxIvtVk, IPv_Type: ipv4, Location: 美国, ISP: CloudFlare节点, Date: None, Delay: 55 ms, Speed: 95.18 M/s, Resolution: 1920x1080
Name: 宁夏卫视, URL: https://live.264788.xyz/channel/ningxiaweishi?streamid=1b2952717a920173e66d4a348f9dcb5c&livekey=01WgOR41rriMmMkzNsd0UoaxJRwetZdxIvtVk, IPv_Type: ipv4, Location: 美国, ISP: CloudFlare节点, Date: None, Delay: 57 ms, Speed: 83.88 M/s, Resolution: 1920x1080
Name: 宁夏卫视, URL: https://live.264788.xyz/channel/ningxiaweishi?streamid=e1236348f815c36a0429357e5b5c5f10&livekey=01WgOR41rriMmMkzNsd0UoaxJRwetZdxIvtVk, IPv_Type: ipv4, Location: 美国, ISP: CloudFlare节点, Date: None, Delay: 160 ms, Speed: 33.72 M/s, Resolution: 1920x1080
Name: 青海卫视, URL: https://hls-qhmh.lanzhousobey.cn/qhmh/mhds.m3u8, IPv_Type: ipv6, Location: 中国, ISP: 中国移动, Date: None, Delay: 2680 ms, Speed: 0.75 M/s, Resolution: 1920x1080
Name: 山西卫视, URL: https://live.264788.xyz/channel/shanxiweishi?streamid=69e002ac7467d661ff7ad0671ed43f16&livekey=01WgOR41rriMmMkzNsd0UoaxJRwetZdxIvtVk, IPv_Type: ipv4, Location: 美国, ISP: CloudFlare节点, Date: None, Delay: 40 ms, Speed: 112.21 M/s, Resolution: 1920x1080
Name: 陕西卫视, URL: https://live.264788.xyz/channel/shaanxiweishi?streamid=9dc887dba8ecb4e4143baf4f2373800c&livekey=01WgOR41rriMmMkzNsd0UoaxJRwetZdxIvtVk, IPv_Type: ipv4, Location: 美国, ISP: CloudFlare节点, Date: None, Delay: 52 ms, Speed: 90.68 M/s, Resolution: 1920x1080
Name: 四川卫视, URL: https://live.264788.xyz/channel/sichuanweishi4k?streamid=21be5901ee81559c827dc84e46f26452&livekey=01WgOR41rriMmMkzNsd0UoaxJRwetZdxIvtVk, IPv_Type: ipv4, Location: 美国, ISP: CloudFlare节点, Date: None, Delay: 56 ms, Speed: 101.38 M/s, Resolution: 1920x1080
Name: 四川卫视, URL: https://live.264788.xyz/channel/sichuanweishi4k?streamid=401bf692a1a8b91298f26077d53316d6&livekey=01WgOR41rriMmMkzNsd0UoaxJRwetZdxIvtVk, IPv_Type: ipv4, Location: 美国, ISP: CloudFlare节点, Date: None, Delay: 58 ms, Speed: 77.67 M/s, Resolution: 1920x1080
Name: 西藏卫视, URL: https://live.264788.xyz/channel/xizangweishi?streamid=4b4e8ea919f1cfd5e43deed1d1675251&livekey=01WgOR41rriMmMkzNsd0UoaxJRwetZdxIvtVk, IPv_Type: ipv4, Location: 美国, ISP: CloudFlare节点, Date: None, Delay: 63 ms, Speed: 84.47 M/s, Resolution: 1920x1080
Name: 新疆卫视, URL: https://live.264788.xyz/channel/xinjiangweishi?streamid=4f481f56ae39ce5d24203471de9df635&livekey=01WgOR41rriMmMkzNsd0UoaxJRwetZdxIvtVk, IPv_Type: ipv4, Location: 美国, ISP: CloudFlare节点, Date: None, Delay: 50 ms, Speed: 70.53 M/s, Resolution: 1920x1080
Name: 名山综合, URL: https://m3u8channel-ms.yunxya.com:443/nmip-media/audiolive/audio100580/playlist.m3u8, IPv_Type: ipv4, Location: 中国-广东-东莞, ISP: 电信, Date: None, Delay: 1781 ms, Speed: 0.11 M/s, Resolution: None
Name: 河北都市, URL: https://radio.pull.hebtv.com/live/hebnczx.m3u8, IPv_Type: ipv4, Location: 中国-北京-北京, ISP: 电信, Date: None, Delay: 992 ms, Speed: 0.10 M/s, Resolution: None
Name: TVBS亚洲, URL: http://d2e1asnsl7br7b.cloudfront.net/7782e205e72f43aeb4a48ec97f66ebbe/index_5.m3u8?zshijd, IPv_Type: ipv6, Location: 美国, ISP: Amazon, Date: None, Delay: 328 ms, Speed: 17.01 M/s, Resolution: 1920x1080
Name: 笑傲江湖, URL: https://live.metshop.top/huya/23865142, IPv_Type: ipv6, Location: 美国, ISP: CloudFlare Inc., Date: None, Delay: 745 ms, Speed: 0.38 M/s, Resolution: 1920x1080
